Modules list:
-------------
hello.o:
    CODE              Offs=000000  Size=000102  Align=00001  Fill=0000
    RODATA            Offs=000000  Size=0000A5  Align=00001  Fill=0000
    BSS               Offs=000000  Size=000000  Align=00001  Fill=0000
    DATA              Offs=000000  Size=000008  Align=00001  Fill=0000
    ZEROPAGE          Offs=000000  Size=000000  Align=00001  Fill=0000
    NULL              Offs=000000  Size=000000  Align=00001  Fill=0000
HB128\sbc.lib(_file.o):
    CODE              Offs=000102  Size=000000  Align=00001  Fill=0000
    RODATA            Offs=0000A5  Size=000000  Align=00001  Fill=0000
    BSS               Offs=000000  Size=000000  Align=00001  Fill=0000
    DATA              Offs=000008  Size=00001E  Align=00001  Fill=0000
    ZEROPAGE          Offs=000000  Size=000000  Align=00001  Fill=0000
    NULL              Offs=000000  Size=000000  Align=00001  Fill=0000
HB128\sbc.lib(_hextab.o):
    CODE              Offs=000102  Size=000000  Align=00001  Fill=0000
    RODATA            Offs=0000A5  Size=000010  Align=00001  Fill=0000
    BSS               Offs=000000  Size=000000  Align=00001  Fill=0000
    DATA              Offs=000026  Size=000000  Align=00001  Fill=0000
    ZEROPAGE          Offs=000000  Size=000000  Align=00001  Fill=0000
    NULL              Offs=000000  Size=000000  Align=00001  Fill=0000
HB128\sbc.lib(_longminstr.o):
    CODE              Offs=000102  Size=000000  Align=00001  Fill=0000
    RODATA            Offs=0000B5  Size=00000C  Align=00001  Fill=0000
    BSS               Offs=000000  Size=000000  Align=00001  Fill=0000
    DATA              Offs=000026  Size=000000  Align=00001  Fill=0000
    ZEROPAGE          Offs=000000  Size=000000  Align=00001  Fill=0000
    NULL              Offs=000000  Size=000000  Align=00001  Fill=0000
HB128\sbc.lib(_printf.o):
    CODE              Offs=000102  Size=0003A2  Align=00001  Fill=0000
    RODATA            Offs=0000C1  Size=000000  Align=00001  Fill=0000
    BSS               Offs=000000  Size=00002B  Align=00001  Fill=0000
    DATA              Offs=000026  Size=000003  Align=00001  Fill=0000
    ZEROPAGE          Offs=000000  Size=000000  Align=00001  Fill=0000
    NULL              Offs=000000  Size=000000  Align=00001  Fill=0000
HB128\sbc.lib(_seterrno.o):
    CODE              Offs=0004A4  Size=000009  Align=00001  Fill=0000
    RODATA            Offs=0000C1  Size=000000  Align=00001  Fill=0000
    BSS               Offs=00002B  Size=000000  Align=00001  Fill=0000
    DATA              Offs=000029  Size=000000  Align=00001  Fill=0000
    ZEROPAGE          Offs=000000  Size=000000  Align=00001  Fill=0000
    NULL              Offs=000000  Size=000000  Align=00001  Fill=0000
HB128\sbc.lib(addeqsp.o):
    CODE              Offs=0004AD  Size=000011  Align=00001  Fill=0000
    RODATA            Offs=0000C1  Size=000000  Align=00001  Fill=0000
    BSS               Offs=00002B  Size=000000  Align=00001  Fill=0000
    DATA              Offs=000029  Size=000000  Align=00001  Fill=0000
    ZEROPAGE          Offs=000000  Size=000000  Align=00001  Fill=0000
    NULL              Offs=000000  Size=000000  Align=00001  Fill=0000
HB128\sbc.lib(addysp.o):
    CODE              Offs=0004BE  Size=00000E  Align=00001  Fill=0000
    RODATA            Offs=0000C1  Size=000000  Align=00001  Fill=0000
    BSS               Offs=00002B  Size=000000  Align=00001  Fill=0000
    DATA              Offs=000029  Size=000000  Align=00001  Fill=0000
    ZEROPAGE          Offs=000000  Size=000000  Align=00001  Fill=0000
    NULL              Offs=000000  Size=000000  Align=00001  Fill=0000
HB128\sbc.lib(axlong.o):
    CODE              Offs=0004CC  Size=00000D  Align=00001  Fill=0000
    RODATA            Offs=0000C1  Size=000000  Align=00001  Fill=0000
    BSS               Offs=00002B  Size=000000  Align=00001  Fill=0000
    DATA              Offs=000029  Size=000000  Align=00001  Fill=0000
    ZEROPAGE          Offs=000000  Size=000000  Align=00001  Fill=0000
    NULL              Offs=000000  Size=000000  Align=00001  Fill=0000
HB128\sbc.lib(condes.o):
    CODE              Offs=0004D9  Size=00000C  Align=00001  Fill=0000
    RODATA            Offs=0000C1  Size=000000  Align=00001  Fill=0000
    BSS               Offs=00002B  Size=000000  Align=00001  Fill=0000
    DATA              Offs=000029  Size=000025  Align=00001  Fill=0000
    ZEROPAGE          Offs=000000  Size=000000  Align=00001  Fill=0000
    NULL              Offs=000000  Size=000000  Align=00001  Fill=0000
    ONCE              Offs=000000  Size=00000C  Align=00001  Fill=0000
HB128\sbc.lib(copydata.o):
    CODE              Offs=0004E5  Size=00002D  Align=00001  Fill=0000
    RODATA            Offs=0000C1  Size=000000  Align=00001  Fill=0000
    BSS               Offs=00002B  Size=000000  Align=00001  Fill=0000
    DATA              Offs=00004E  Size=000000  Align=00001  Fill=0000
    ZEROPAGE          Offs=000000  Size=000000  Align=00001  Fill=0000
    NULL              Offs=000000  Size=000000  Align=00001  Fill=0000
HB128\sbc.lib(cputc.o):
    CODE              Offs=000512  Size=000003  Align=00001  Fill=0000
    RODATA            Offs=0000C1  Size=000000  Align=00001  Fill=0000
    BSS               Offs=00002B  Size=000000  Align=00001  Fill=0000
    DATA              Offs=00004E  Size=000000  Align=00001  Fill=0000
    ZEROPAGE          Offs=000000  Size=000000  Align=00001  Fill=0000
    NULL              Offs=000000  Size=000000  Align=00001  Fill=0000
HB128\sbc.lib(crt0.o):
    CODE              Offs=000515  Size=000000  Align=00001  Fill=0000
    RODATA            Offs=0000C1  Size=000000  Align=00001  Fill=0000
    BSS               Offs=00002B  Size=000000  Align=00001  Fill=0000
    DATA              Offs=00004E  Size=000000  Align=00001  Fill=0000
    ZEROPAGE          Offs=000000  Size=000000  Align=00001  Fill=0000
    NULL              Offs=000000  Size=000000  Align=00001  Fill=0000
    STARTUP           Offs=000000  Size=00001C  Align=00001  Fill=0000
HB128\sbc.lib(ctype.o):
    CODE              Offs=000515  Size=000000  Align=00001  Fill=0000
    RODATA            Offs=0000C1  Size=00008B  Align=00001  Fill=0000
    BSS               Offs=00002B  Size=000000  Align=00001  Fill=0000
    DATA              Offs=00004E  Size=000000  Align=00001  Fill=0000
    ZEROPAGE          Offs=000000  Size=000000  Align=00001  Fill=0000
    NULL              Offs=000000  Size=000000  Align=00001  Fill=0000
HB128\sbc.lib(ctypemask.o):
    CODE              Offs=000515  Size=00001E  Align=00001  Fill=0000
    RODATA            Offs=00014C  Size=000000  Align=00001  Fill=0000
    BSS               Offs=00002B  Size=000000  Align=00001  Fill=0000
    DATA              Offs=00004E  Size=000000  Align=00001  Fill=0000
    ZEROPAGE          Offs=000000  Size=000000  Align=00001  Fill=0000
    NULL              Offs=000000  Size=000000  Align=00001  Fill=0000
HB128\sbc.lib(decsp2.o):
    CODE              Offs=000533  Size=00000D  Align=00001  Fill=0000
    RODATA            Offs=00014C  Size=000000  Align=00001  Fill=0000
    BSS               Offs=00002B  Size=000000  Align=00001  Fill=0000
    DATA              Offs=00004E  Size=000000  Align=00001  Fill=0000
    ZEROPAGE          Offs=000000  Size=000000  Align=00001  Fill=0000
    NULL              Offs=000000  Size=000000  Align=00001  Fill=0000
HB128\sbc.lib(decsp4.o):
    CODE              Offs=000540  Size=00000D  Align=00001  Fill=0000
    RODATA            Offs=00014C  Size=000000  Align=00001  Fill=0000
    BSS               Offs=00002B  Size=000000  Align=00001  Fill=0000
    DATA              Offs=00004E  Size=000000  Align=00001  Fill=0000
    ZEROPAGE          Offs=000000  Size=000000  Align=00001  Fill=0000
    NULL              Offs=000000  Size=000000  Align=00001  Fill=0000
HB128\sbc.lib(decsp6.o):
    CODE              Offs=00054D  Size=00000D  Align=00001  Fill=0000
    RODATA            Offs=00014C  Size=000000  Align=00001  Fill=0000
    BSS               Offs=00002B  Size=000000  Align=00001  Fill=0000
    DATA              Offs=00004E  Size=000000  Align=00001  Fill=0000
    ZEROPAGE          Offs=000000  Size=000000  Align=00001  Fill=0000
    NULL              Offs=000000  Size=000000  Align=00001  Fill=0000
HB128\sbc.lib(errno.o):
    CODE              Offs=00055A  Size=000000  Align=00001  Fill=0000
    RODATA            Offs=00014C  Size=000000  Align=00001  Fill=0000
    BSS               Offs=00002B  Size=000002  Align=00001  Fill=0000
    DATA              Offs=00004E  Size=000000  Align=00001  Fill=0000
    ZEROPAGE          Offs=000000  Size=000000  Align=00001  Fill=0000
    NULL              Offs=000000  Size=000000  Align=00001  Fill=0000
HB128\sbc.lib(fwrite.o):
    CODE              Offs=00055A  Size=000079  Align=00001  Fill=0000
    RODATA            Offs=00014C  Size=000000  Align=00001  Fill=0000
    BSS               Offs=00002D  Size=000002  Align=00001  Fill=0000
    DATA              Offs=00004E  Size=000000  Align=00001  Fill=0000
    ZEROPAGE          Offs=000000  Size=000000  Align=00001  Fill=0000
    NULL              Offs=000000  Size=000000  Align=00001  Fill=0000
HB128\sbc.lib(incsp2.o):
    CODE              Offs=0005D3  Size=000016  Align=00001  Fill=0000
    RODATA            Offs=00014C  Size=000000  Align=00001  Fill=0000
    BSS               Offs=00002F  Size=000000  Align=00001  Fill=0000
    DATA              Offs=00004E  Size=000000  Align=00001  Fill=0000
    ZEROPAGE          Offs=000000  Size=000000  Align=00001  Fill=0000
    NULL              Offs=000000  Size=000000  Align=00001  Fill=0000
HB128\sbc.lib(incsp6.o):
    CODE              Offs=0005E9  Size=000005  Align=00001  Fill=0000
    RODATA            Offs=00014C  Size=000000  Align=00001  Fill=0000
    BSS               Offs=00002F  Size=000000  Align=00001  Fill=0000
    DATA              Offs=00004E  Size=000000  Align=00001  Fill=0000
    ZEROPAGE          Offs=000000  Size=000000  Align=00001  Fill=0000
    NULL              Offs=000000  Size=000000  Align=00001  Fill=0000
HB128\sbc.lib(ldaxsp.o):
    CODE              Offs=0005EE  Size=000009  Align=00001  Fill=0000
    RODATA            Offs=00014C  Size=000000  Align=00001  Fill=0000
    BSS               Offs=00002F  Size=000000  Align=00001  Fill=0000
    DATA              Offs=00004E  Size=000000  Align=00001  Fill=0000
    ZEROPAGE          Offs=000000  Size=000000  Align=00001  Fill=0000
    NULL              Offs=000000  Size=000000  Align=00001  Fill=0000
HB128\sbc.lib(ldptr1sp.o):
    CODE              Offs=0005F7  Size=00000C  Align=00001  Fill=0000
    RODATA            Offs=00014C  Size=000000  Align=00001  Fill=0000
    BSS               Offs=00002F  Size=000000  Align=00001  Fill=0000
    DATA              Offs=00004E  Size=000000  Align=00001  Fill=0000
    ZEROPAGE          Offs=000000  Size=000000  Align=00001  Fill=0000
    NULL              Offs=000000  Size=000000  Align=00001  Fill=0000
HB128\sbc.lib(lneg.o):
    CODE              Offs=000603  Size=00001E  Align=00001  Fill=0000
    RODATA            Offs=00014C  Size=000000  Align=00001  Fill=0000
    BSS               Offs=00002F  Size=000000  Align=00001  Fill=0000
    DATA              Offs=00004E  Size=000000  Align=00001  Fill=0000
    ZEROPAGE          Offs=000000  Size=000000  Align=00001  Fill=0000
    NULL              Offs=000000  Size=000000  Align=00001  Fill=0000
HB128\sbc.lib(lpush.o):
    CODE              Offs=000621  Size=000021  Align=00001  Fill=0000
    RODATA            Offs=00014C  Size=000000  Align=00001  Fill=0000
    BSS               Offs=00002F  Size=000000  Align=00001  Fill=0000
    DATA              Offs=00004E  Size=000000  Align=00001  Fill=0000
    ZEROPAGE          Offs=000000  Size=000000  Align=00001  Fill=0000
    NULL              Offs=000000  Size=000000  Align=00001  Fill=0000
HB128\sbc.lib(ltoa.o):
    CODE              Offs=000642  Size=000095  Align=00001  Fill=0000
    RODATA            Offs=00014C  Size=000000  Align=00001  Fill=0000
    BSS               Offs=00002F  Size=000000  Align=00001  Fill=0000
    DATA              Offs=00004E  Size=000000  Align=00001  Fill=0000
    ZEROPAGE          Offs=000000  Size=000000  Align=00001  Fill=0000
    NULL              Offs=000000  Size=000000  Align=00001  Fill=0000
HB128\sbc.lib(mul.o):
    CODE              Offs=0006D7  Size=000045  Align=00001  Fill=0000
    RODATA            Offs=00014C  Size=000000  Align=00001  Fill=0000
    BSS               Offs=00002F  Size=000000  Align=00001  Fill=0000
    DATA              Offs=00004E  Size=000000  Align=00001  Fill=0000
    ZEROPAGE          Offs=000000  Size=000000  Align=00001  Fill=0000
    NULL              Offs=000000  Size=000000  Align=00001  Fill=0000
HB128\sbc.lib(mul8.o):
    CODE              Offs=00071C  Size=00003A  Align=00001  Fill=0000
    RODATA            Offs=00014C  Size=000000  Align=00001  Fill=0000
    BSS               Offs=00002F  Size=000000  Align=00001  Fill=0000
    DATA              Offs=00004E  Size=000000  Align=00001  Fill=0000
    ZEROPAGE          Offs=000000  Size=000000  Align=00001  Fill=0000
    NULL              Offs=000000  Size=000000  Align=00001  Fill=0000
HB128\sbc.lib(popa.o):
    CODE              Offs=000756  Size=00000C  Align=00001  Fill=0000
    RODATA            Offs=00014C  Size=000000  Align=00001  Fill=0000
    BSS               Offs=00002F  Size=000000  Align=00001  Fill=0000
    DATA              Offs=00004E  Size=000000  Align=00001  Fill=0000
    ZEROPAGE          Offs=000000  Size=000000  Align=00001  Fill=0000
    NULL              Offs=000000  Size=000000  Align=00001  Fill=0000
HB128\sbc.lib(popptr1.o):
    CODE              Offs=000762  Size=00000E  Align=00001  Fill=0000
    RODATA            Offs=00014C  Size=000000  Align=00001  Fill=0000
    BSS               Offs=00002F  Size=000000  Align=00001  Fill=0000
    DATA              Offs=00004E  Size=000000  Align=00001  Fill=0000
    ZEROPAGE          Offs=000000  Size=000000  Align=00001  Fill=0000
    NULL              Offs=000000  Size=000000  Align=00001  Fill=0000
HB128\sbc.lib(printf.o):
    CODE              Offs=000770  Size=000033  Align=00001  Fill=0000
    RODATA            Offs=00014C  Size=000000  Align=00001  Fill=0000
    BSS               Offs=00002F  Size=000001  Align=00001  Fill=0000
    DATA              Offs=00004E  Size=000000  Align=00001  Fill=0000
    ZEROPAGE          Offs=000000  Size=000000  Align=00001  Fill=0000
    NULL              Offs=000000  Size=000000  Align=00001  Fill=0000
HB128\sbc.lib(push1.o):
    CODE              Offs=0007A3  Size=000005  Align=00001  Fill=0000
    RODATA            Offs=00014C  Size=000000  Align=00001  Fill=0000
    BSS               Offs=000030  Size=000000  Align=00001  Fill=0000
    DATA              Offs=00004E  Size=000000  Align=00001  Fill=0000
    ZEROPAGE          Offs=000000  Size=000000  Align=00001  Fill=0000
    NULL              Offs=000000  Size=000000  Align=00001  Fill=0000
HB128\sbc.lib(pusha.o):
    CODE              Offs=0007A8  Size=000016  Align=00001  Fill=0000
    RODATA            Offs=00014C  Size=000000  Align=00001  Fill=0000
    BSS               Offs=000030  Size=000000  Align=00001  Fill=0000
    DATA              Offs=00004E  Size=000000  Align=00001  Fill=0000
    ZEROPAGE          Offs=000000  Size=000000  Align=00001  Fill=0000
    NULL              Offs=000000  Size=000000  Align=00001  Fill=0000
HB128\sbc.lib(pushax.o):
    CODE              Offs=0007BE  Size=00001A  Align=00001  Fill=0000
    RODATA            Offs=00014C  Size=000000  Align=00001  Fill=0000
    BSS               Offs=000030  Size=000000  Align=00001  Fill=0000
    DATA              Offs=00004E  Size=000000  Align=00001  Fill=0000
    ZEROPAGE          Offs=000000  Size=000000  Align=00001  Fill=0000
    NULL              Offs=000000  Size=000000  Align=00001  Fill=0000
HB128\sbc.lib(pushwsp.o):
    CODE              Offs=0007D8  Size=00001C  Align=00001  Fill=0000
    RODATA            Offs=00014C  Size=000000  Align=00001  Fill=0000
    BSS               Offs=000030  Size=000000  Align=00001  Fill=0000
    DATA              Offs=00004E  Size=000000  Align=00001  Fill=0000
    ZEROPAGE          Offs=000000  Size=000000  Align=00001  Fill=0000
    NULL              Offs=000000  Size=000000  Align=00001  Fill=0000
HB128\sbc.lib(staxsp.o):
    CODE              Offs=0007F4  Size=00000B  Align=00001  Fill=0000
    RODATA            Offs=00014C  Size=000000  Align=00001  Fill=0000
    BSS               Offs=000030  Size=000000  Align=00001  Fill=0000
    DATA              Offs=00004E  Size=000000  Align=00001  Fill=0000
    ZEROPAGE          Offs=000000  Size=000000  Align=00001  Fill=0000
    NULL              Offs=000000  Size=000000  Align=00001  Fill=0000
HB128\sbc.lib(strlen.o):
    CODE              Offs=0007FF  Size=000016  Align=00001  Fill=0000
    RODATA            Offs=00014C  Size=000000  Align=00001  Fill=0000
    BSS               Offs=000030  Size=000000  Align=00001  Fill=0000
    DATA              Offs=00004E  Size=000000  Align=00001  Fill=0000
    ZEROPAGE          Offs=000000  Size=000000  Align=00001  Fill=0000
    NULL              Offs=000000  Size=000000  Align=00001  Fill=0000
HB128\sbc.lib(strlower.o):
    CODE              Offs=000815  Size=000027  Align=00001  Fill=0000
    RODATA            Offs=00014C  Size=000000  Align=00001  Fill=0000
    BSS               Offs=000030  Size=000000  Align=00001  Fill=0000
    DATA              Offs=00004E  Size=000000  Align=00001  Fill=0000
    ZEROPAGE          Offs=000000  Size=000000  Align=00001  Fill=0000
    NULL              Offs=000000  Size=000000  Align=00001  Fill=0000
HB128\sbc.lib(udiv.o):
    CODE              Offs=00083C  Size=00004F  Align=00001  Fill=0000
    RODATA            Offs=00014C  Size=000000  Align=00001  Fill=0000
    BSS               Offs=000030  Size=000000  Align=00001  Fill=0000
    DATA              Offs=00004E  Size=000000  Align=00001  Fill=0000
    ZEROPAGE          Offs=000000  Size=000000  Align=00001  Fill=0000
    NULL              Offs=000000  Size=000000  Align=00001  Fill=0000
HB128\sbc.lib(vfprintf.o):
    CODE              Offs=00088B  Size=000061  Align=00001  Fill=0000
    RODATA            Offs=00014C  Size=000000  Align=00001  Fill=0000
    BSS               Offs=000030  Size=000000  Align=00001  Fill=0000
    DATA              Offs=00004E  Size=000008  Align=00001  Fill=0000
    ZEROPAGE          Offs=000000  Size=000000  Align=00001  Fill=0000
    NULL              Offs=000000  Size=000000  Align=00001  Fill=0000
HB128\sbc.lib(write.o):
    CODE              Offs=0008EC  Size=000046  Align=00001  Fill=0000
    RODATA            Offs=00014C  Size=000000  Align=00001  Fill=0000
    BSS               Offs=000030  Size=000000  Align=00001  Fill=0000
    DATA              Offs=000056  Size=000000  Align=00001  Fill=0000
    ZEROPAGE          Offs=000000  Size=000000  Align=00001  Fill=0000
    NULL              Offs=000000  Size=000000  Align=00001  Fill=0000
HB128\sbc.lib(zerobss.o):
    CODE              Offs=000932  Size=000023  Align=00001  Fill=0000
    RODATA            Offs=00014C  Size=000000  Align=00001  Fill=0000
    BSS               Offs=000030  Size=000000  Align=00001  Fill=0000
    DATA              Offs=000056  Size=000000  Align=00001  Fill=0000
    ZEROPAGE          Offs=000000  Size=000000  Align=00001  Fill=0000
    NULL              Offs=000000  Size=000000  Align=00001  Fill=0000
HB128\sbc.lib(zeropage.o):
    CODE              Offs=000955  Size=000000  Align=00001  Fill=0000
    RODATA            Offs=00014C  Size=000000  Align=00001  Fill=0000
    BSS               Offs=000030  Size=000000  Align=00001  Fill=0000
    DATA              Offs=000056  Size=000000  Align=00001  Fill=0000
    ZEROPAGE          Offs=000000  Size=00001A  Align=00001  Fill=0000
    NULL              Offs=000000  Size=000000  Align=00001  Fill=0000
HB128\sbc.lib(hb128.o):
    CODE              Offs=000955  Size=0001EB  Align=00001  Fill=0000
    RODATA            Offs=00014C  Size=000000  Align=00001  Fill=0000
    BSS               Offs=000030  Size=000000  Align=00001  Fill=0000
    DATA              Offs=000056  Size=000000  Align=00001  Fill=0000
    ZEROPAGE          Offs=00001A  Size=000000  Align=00001  Fill=0000
    NULL              Offs=000000  Size=000000  Align=00001  Fill=0000


Segment list:
-------------
Name                   Start     End    Size  Align
----------------------------------------------------
NULL                  000000  000000  000000  00001
ZEROPAGE              000091  0000AA  00001A  00001
STARTUP               000D00  000D1B  00001C  00001
ONCE                  000D1C  000D27  00000C  00001
CODE                  000D28  001867  000B40  00001
RODATA                001868  0019B3  00014C  00001
DATA                  0019B4  001A09  000056  00001
BSS                   001A0A  001A39  000030  00001


Exports list by name:
---------------------
__BSS_LOAD__              001A0A  LA    __BSS_RUN__               001A0A RLA    
__BSS_SIZE__              000030 REA    __CONSTRUCTOR_COUNT__     000000 REA    
__CONSTRUCTOR_TABLE__     000D28 RLA    __DATA_LOAD__             0019B4 RLA    
__DATA_RUN__              0019B4 RLA    __DATA_SIZE__             000056 REA    
__DESTRUCTOR_COUNT__      000000 REA    __DESTRUCTOR_TABLE__      0019B4 RLA    
__RAM_FILEOFFS__          000000  EA    __RAM_LAST__              001A3A  LA    
__RAM_SIZE__              00AB00 REA    __RAM_START__             000D00 RLA    
__STACKSIZE__             000800 REA    __STARTUP__               000001 REA    
__ZP_FILEOFFS__           000000  EA    __ZP_LAST__               0000AB  LA    
__ZP_SIZE__               000046  EA    __ZP_START__              000091  LA    
___errno                  001A35 RLA    ___seterrno               0011CC RLA    
__ctype                   001929 RLA    __ctypeidx                001934 RLA    
__filetab                 0019BC  LA    __hextab                  00190D RLA    
__longminstr              00191D RLA    __printf                  000F1B RLA    
_cputc                    00123A RLA    _dfcl_bload               001862  LA    
_dfcl_box                 0016F0  LA    _dfcl_chdir               00181C RLA    
_dfcl_circle              0016C7  LA    _dfcl_cls                 001707  LA    
_dfcl_colour              0016B5 RLA    _dfcl_font                001855 RLA    
_dfcl_gotoxy              00172D  LA    _dfcl_line                0016D9  LA    
_dfcl_mode                0016AF RLA    _dfcl_plot                00170D  LA    
_dfcl_ptinit              00173A RLA    _dfcl_ptload              00174B RLA    
_dfcl_ptrun               001742  LA    _dfcl_ptstop              001748  LA    
_dfcl_scrn                00171E  LA    _dfcl_sprcol              001806 RLA    
_dfcl_sprnme              00180B RLA    _dfcl_sprpat              0017B1 RLA    
_dfcl_sprpos              0017BF RLA    _dfcl_vload               00184F RLA    
_exit                     000D18  LA    _fwrite                   001282 RLA    
_init                     000D00  LA    _ltoa                     001382 RLA    
_main                     000D28 RLA    _pattern                  0019B4  LA    
_printf                   001498 RLA    _stderr                   0019D8  LA    
_stdin                    0019D4  LA    _stdout                   0019D6 RLA    
_strlen                   001527 RLA    _strlen_ptr4              00152B  LA    
_strlower                 00153D RLA    _strlwr                   00153D  LA    
_ultoa                    0013C3 RLA    _vfprintf                 0015EB RLA    
_write                    001614 RLA    addeq0sp                  0011D5 RLA    
addeqysp                  0011D7 RLA    addysp                    0011E7 RLA    
addysp1                   0011E6  LA    axlong                    0011F4 RLA    
axulong                   0011FA RLA    c_sp                      000091 RLZ    
condes                    0019DD  LA    copydata                  00120D RLA    
ctypemask                 00123D  LA    ctypemaskdirect           001241 RLA    
decsp2                    00125B RLA    decsp4                    001268 RLA    
decsp6                    001275 RLA    donelib                   001201 RLA    
incsp2                    001303 RLA    incsp6                    001311 RLA    
initlib                   000D1C RLA    ldax0sp                   001316 RLA    
ldaxysp                   001318 RLA    ldptr10sp                 00131F RLA    
ldptr1ysp                 001321  LA    mul8x16                   001446 RLA    
mul8x16a                  001450 RLA    negeax                    00132B RLA    
popa                      00147E RLA    popax                     0012FB RLA    
popptr1                   00148A RLA    ptr1                      000099 RLZ    
ptr2                      00009B RLZ    ptr3                      00009D RLZ    
ptr4                      00009F RLZ    push0                     0014E6  LA    
push0ax                   00134C  LA    push1                     0014CB RLA    
pusha                     0014D4 RLA    pusha0                    0014E8 RLA    
pusha0sp                  0014D0  LA    pushax                    0014EA RLA    
pushaysp                  0014D2  LA    pusheax                   001352 RLA    
pushl0                    001349  LA    pushw0sp                  001500  LA    
pushwysp                  001502 RLA    regbank                   0000A5 RLZ    
regsave                   000095  LZ    sreg                      000093 RLZ    
stax0sp                   00151C RLA    staxysp                   00151E RLA    
tmp1                      0000A1 RLZ    tmp2                      0000A2  LZ    
tmp3                      0000A3  LZ    tmp4                      0000A4  LZ    
tosmula0                  001444  LA    tosmulax                  0013FF  LA    
tosudiva0                 001564  LA    tosudivax                 001566 RLA    
tosumula0                 001444  LA    tosumulax                 0013FF RLA    
udiv16                    001575  LA    zerobss                   00165A RLA    



Exports list by value:
----------------------
__DESTRUCTOR_COUNT__      000000 REA    __ZP_FILEOFFS__           000000  EA    
__CONSTRUCTOR_COUNT__     000000 REA    __RAM_FILEOFFS__          000000  EA    
__STARTUP__               000001 REA    __BSS_SIZE__              000030 REA    
__ZP_SIZE__               000046  EA    __DATA_SIZE__             000056 REA    
c_sp                      000091 RLZ    __ZP_START__              000091  LA    
sreg                      000093 RLZ    regsave                   000095  LZ    
ptr1                      000099 RLZ    ptr2                      00009B RLZ    
ptr3                      00009D RLZ    ptr4                      00009F RLZ    
tmp1                      0000A1 RLZ    tmp2                      0000A2  LZ    
tmp3                      0000A3  LZ    tmp4                      0000A4  LZ    
regbank                   0000A5 RLZ    __ZP_LAST__               0000AB  LA    
__STACKSIZE__             000800 REA    _init                     000D00  LA    
__RAM_START__             000D00 RLA    _exit                     000D18  LA    
initlib                   000D1C RLA    __CONSTRUCTOR_TABLE__     000D28 RLA    
_main                     000D28 RLA    __printf                  000F1B RLA    
___seterrno               0011CC RLA    addeq0sp                  0011D5 RLA    
addeqysp                  0011D7 RLA    addysp1                   0011E6  LA    
addysp                    0011E7 RLA    axlong                    0011F4 RLA    
axulong                   0011FA RLA    donelib                   001201 RLA    
copydata                  00120D RLA    _cputc                    00123A RLA    
ctypemask                 00123D  LA    ctypemaskdirect           001241 RLA    
decsp2                    00125B RLA    decsp4                    001268 RLA    
decsp6                    001275 RLA    _fwrite                   001282 RLA    
popax                     0012FB RLA    incsp2                    001303 RLA    
incsp6                    001311 RLA    ldax0sp                   001316 RLA    
ldaxysp                   001318 RLA    ldptr10sp                 00131F RLA    
ldptr1ysp                 001321  LA    negeax                    00132B RLA    
pushl0                    001349  LA    push0ax                   00134C  LA    
pusheax                   001352 RLA    _ltoa                     001382 RLA    
_ultoa                    0013C3 RLA    tosumulax                 0013FF RLA    
tosmulax                  0013FF  LA    tosumula0                 001444  LA    
tosmula0                  001444  LA    mul8x16                   001446 RLA    
mul8x16a                  001450 RLA    popa                      00147E RLA    
popptr1                   00148A RLA    _printf                   001498 RLA    
push1                     0014CB RLA    pusha0sp                  0014D0  LA    
pushaysp                  0014D2  LA    pusha                     0014D4 RLA    
push0                     0014E6  LA    pusha0                    0014E8 RLA    
pushax                    0014EA RLA    pushw0sp                  001500  LA    
pushwysp                  001502 RLA    stax0sp                   00151C RLA    
staxysp                   00151E RLA    _strlen                   001527 RLA    
_strlen_ptr4              00152B  LA    _strlwr                   00153D  LA    
_strlower                 00153D RLA    tosudiva0                 001564  LA    
tosudivax                 001566 RLA    udiv16                    001575  LA    
_vfprintf                 0015EB RLA    _write                    001614 RLA    
zerobss                   00165A RLA    _dfcl_mode                0016AF RLA    
_dfcl_colour              0016B5 RLA    _dfcl_circle              0016C7  LA    
_dfcl_line                0016D9  LA    _dfcl_box                 0016F0  LA    
_dfcl_cls                 001707  LA    _dfcl_plot                00170D  LA    
_dfcl_scrn                00171E  LA    _dfcl_gotoxy              00172D  LA    
_dfcl_ptinit              00173A RLA    _dfcl_ptrun               001742  LA    
_dfcl_ptstop              001748  LA    _dfcl_ptload              00174B RLA    
_dfcl_sprpat              0017B1 RLA    _dfcl_sprpos              0017BF RLA    
_dfcl_sprcol              001806 RLA    _dfcl_sprnme              00180B RLA    
_dfcl_chdir               00181C RLA    _dfcl_vload               00184F RLA    
_dfcl_font                001855 RLA    _dfcl_bload               001862  LA    
__hextab                  00190D RLA    __longminstr              00191D RLA    
__ctype                   001929 RLA    __ctypeidx                001934 RLA    
_pattern                  0019B4  LA    __DESTRUCTOR_TABLE__      0019B4 RLA    
__DATA_RUN__              0019B4 RLA    __DATA_LOAD__             0019B4 RLA    
__filetab                 0019BC  LA    _stdin                    0019D4  LA    
_stdout                   0019D6 RLA    _stderr                   0019D8  LA    
condes                    0019DD  LA    __BSS_LOAD__              001A0A  LA    
__BSS_RUN__               001A0A RLA    ___errno                  001A35 RLA    
__RAM_LAST__              001A3A  LA    __RAM_SIZE__              00AB00 REA    



Imports list:
-------------
__BSS_LOAD__ ([linker generated]):
__BSS_RUN__ ([linker generated]):
    zerobss.o                 common/zerobss.s:8
__BSS_SIZE__ ([linker generated]):
    zerobss.o                 common/zerobss.s:8
__CONSTRUCTOR_COUNT__ ([linker generated]):
    condes.o                  runtime/condes.s:18
__CONSTRUCTOR_TABLE__ ([linker generated]):
    condes.o                  runtime/condes.s:18
__DATA_LOAD__ ([linker generated]):
    copydata.o                common/copydata.s:8
__DATA_RUN__ ([linker generated]):
    copydata.o                common/copydata.s:8
__DATA_SIZE__ ([linker generated]):
    copydata.o                common/copydata.s:8
__DESTRUCTOR_COUNT__ ([linker generated]):
    condes.o                  runtime/condes.s:19
__DESTRUCTOR_TABLE__ ([linker generated]):
    condes.o                  runtime/condes.s:19
__RAM_FILEOFFS__ ([linker generated]):
__RAM_LAST__ ([linker generated]):
__RAM_SIZE__ ([linker generated]):
    crt0.o                    crt0.s:12
__RAM_START__ ([linker generated]):
    crt0.o                    crt0.s:12
__STACKSIZE__ ([linker generated]):
    [linker generated]        HB128\dolo128.cfg:6
__STARTUP__ (crt0.o):
    hello.o                   hello.s:13
__ZP_FILEOFFS__ ([linker generated]):
__ZP_LAST__ ([linker generated]):
__ZP_SIZE__ ([linker generated]):
__ZP_START__ ([linker generated]):
___errno (errno.o):
    _seterrno.o               /home/runner/work/cc65/cc65/asminc/errno.inc:7
___seterrno (_seterrno.o):
    fwrite.o                  /home/runner/work/cc65/cc65/asminc/errno.inc:9
__ctype (ctype.o):
    ctypemask.o               common/ctypemask.s:23
__ctypeidx (ctype.o):
    ctypemask.o               common/ctypemask.s:24
__filetab (_file.o):
__hextab (_hextab.o):
    ltoa.o                    common/ltoa.s:10
__longminstr (_longminstr.o):
    ltoa.o                    common/ltoa.s:10
__printf (_printf.o):
    vfprintf.o                common/vfprintf.s:10
_cputc (cputc.o):
    write.o                   write.s:13
_dfcl_bload (hb128.o):
_dfcl_box (hb128.o):
_dfcl_chdir (hb128.o):
    hello.o                   hello.s:23
_dfcl_circle (hb128.o):
_dfcl_cls (hb128.o):
_dfcl_colour (hb128.o):
    hello.o                   hello.s:16
_dfcl_font (hb128.o):
    hello.o                   hello.s:25
_dfcl_gotoxy (hb128.o):
_dfcl_line (hb128.o):
_dfcl_mode (hb128.o):
    hello.o                   hello.s:15
_dfcl_plot (hb128.o):
_dfcl_ptinit (hb128.o):
    hello.o                   hello.s:17
_dfcl_ptload (hb128.o):
    hello.o                   hello.s:18
_dfcl_ptrun (hb128.o):
_dfcl_ptstop (hb128.o):
_dfcl_scrn (hb128.o):
_dfcl_sprcol (hb128.o):
    hello.o                   hello.s:21
_dfcl_sprnme (hb128.o):
    hello.o                   hello.s:22
_dfcl_sprpat (hb128.o):
    hello.o                   hello.s:19
_dfcl_sprpos (hb128.o):
    hello.o                   hello.s:20
_dfcl_vload (hb128.o):
    hello.o                   hello.s:24
_exit (crt0.o):
_fwrite (fwrite.o):
    vfprintf.o                common/vfprintf.s:10
_init (crt0.o):
_ltoa (ltoa.o):
    _printf.o                 common/_printf.s:12
_main (hello.o):
    crt0.o                    crt0.s:9
_pattern (hello.o):
_printf (printf.o):
    hello.o                   hello.s:14
_stderr (_file.o):
_stdin (_file.o):
_stdout (_file.o):
    printf.o                  common/printf.s:8
_strlen (strlen.o):
    _printf.o                 common/_printf.s:13
_strlen_ptr4 (strlen.o):
_strlower (strlower.o):
    _printf.o                 common/_printf.s:13
_strlwr (strlower.o):
_ultoa (ltoa.o):
    _printf.o                 common/_printf.s:12
_vfprintf (vfprintf.o):
    printf.o                  common/printf.s:8
_write (write.o):
    fwrite.o                  common/fwrite.s:10
addeq0sp (addeqsp.o):
    write.o                   write.s:60
    hello.o                   hello.s:190
addeqysp (addeqsp.o):
    write.o                   write.s:60
addysp (addysp.o):
    write.o                   write.s:60
    incsp6.o                  runtime/incsp6.s:8
    fwrite.o                  common/fwrite.s:11
    printf.o                  common/printf.s:8
addysp1 (addysp.o):
axlong (axlong.o):
    _printf.o                 common/_printf.s:11
axulong (axlong.o):
    _printf.o                 common/_printf.s:11
c_sp (zeropage.o):
    ldptr1sp.o                runtime/ldptr1sp.s:8
    decsp4.o                  runtime/decsp4.s:8
    write.o                   write.s:10
    popptr1.o                 runtime/popptr1.s:9
    popa.o                    runtime/popa.s:8
    lpush.o                   runtime/lpush.s:13
    incsp2.o                  runtime/incsp2.s:8
    decsp6.o                  runtime/decsp6.s:8
    addysp.o                  runtime/addysp.s:8
    _printf.o                 /home/runner/work/cc65/cc65/asminc/zeropage.inc:11
    vfprintf.o                common/vfprintf.s:11
    staxsp.o                  runtime/staxsp.s:8
    pushwsp.o                 runtime/pushwsp.s:8
    pushax.o                  runtime/pushax.s:8
    pusha.o                   runtime/pusha.s:8
    printf.o                  common/printf.s:9
    ldaxsp.o                  runtime/ldaxsp.s:8
    decsp2.o                  runtime/decsp2.s:8
    crt0.o                    C:\Users\dolom\cc65\asminc/zeropage.inc:11
    addeqsp.o                 runtime/addeqsp.s:8
condes (condes.o):
copydata (copydata.o):
    crt0.o                    crt0.s:14
ctypemask (ctypemask.o):
ctypemaskdirect (ctypemask.o):
    strlower.o                common/strlower.s:14
decsp2 (decsp2.o):
    write.o                   write.s:60
    hello.o                   hello.s:190
decsp4 (decsp4.o):
    lpush.o                   runtime/lpush.s:12
decsp6 (decsp6.o):
    _printf.o                 common/_printf.s:11
donelib (condes.o):
    crt0.o                    crt0.s:14
incsp2 (incsp2.o):
    popptr1.o                 runtime/popptr1.s:8
incsp6 (incsp6.o):
    fwrite.o                  common/fwrite.s:11
    vfprintf.o                common/vfprintf.s:9
initlib (condes.o):
    crt0.o                    crt0.s:14
ldax0sp (ldaxsp.o):
    hello.o                   hello.s:190
ldaxysp (ldaxsp.o):
    write.o                   write.s:60
    fwrite.o                  common/fwrite.s:11
ldptr10sp (ldptr1sp.o):
    write.o                   write.s:60
ldptr1ysp (ldptr1sp.o):
mul8x16 (mul8.o):
    mul.o                     runtime/mul.s:8
mul8x16a (mul8.o):
    mul.o                     runtime/mul.s:8
negeax (lneg.o):
    ltoa.o                    common/ltoa.s:9
popa (popa.o):
    hb128.o                   hb128.s:9
popax (incsp2.o):
    ltoa.o                    common/ltoa.s:9
    _printf.o                 common/_printf.s:11
    hb128.o                   hb128.s:9
popptr1 (popptr1.o):
    udiv.o                    runtime/udiv.s:9
    mul8.o                    runtime/mul8.s:9
    mul.o                     runtime/mul.s:9
    ltoa.o                    common/ltoa.s:9
    hb128.o                   hb128.s:9
ptr1 (zeropage.o):
    ldptr1sp.o                runtime/ldptr1sp.s:8
    write.o                   write.s:11
    udiv.o                    runtime/udiv.s:10
    strlower.o                common/strlower.s:13
    popptr1.o                 runtime/popptr1.s:9
    mul8.o                    runtime/mul8.s:10
    mul.o                     runtime/mul.s:10
    ltoa.o                    common/ltoa.s:11
    fwrite.o                  common/fwrite.s:14
    copydata.o                common/copydata.s:9
    _printf.o                 /home/runner/work/cc65/cc65/asminc/zeropage.inc:12
    hb128.o                   hb128.s:10
    zerobss.o                 common/zerobss.s:9
    vfprintf.o                common/vfprintf.s:11
    printf.o                  common/printf.s:9
ptr2 (zeropage.o):
    strlower.o                common/strlower.s:13
    ltoa.o                    common/ltoa.s:11
    copydata.o                common/copydata.s:9
    _printf.o                 /home/runner/work/cc65/cc65/asminc/zeropage.inc:12
ptr3 (zeropage.o):
    ltoa.o                    common/ltoa.s:11
ptr4 (zeropage.o):
    udiv.o                    runtime/udiv.s:10
    strlen.o                  common/strlen.s:12
    mul8.o                    runtime/mul8.s:10
    mul.o                     runtime/mul.s:10
push0 (pushax.o):
push0ax (lpush.o):
push1 (push1.o):
    _printf.o                 common/_printf.s:11
    vfprintf.o                common/vfprintf.s:9
pusha (pusha.o):
    hello.o                   hello.s:190
pusha0 (pushax.o):
    push1.o                   runtime/push1.s:8
    fwrite.o                  common/fwrite.s:11
pusha0sp (pusha.o):
pushax (pushax.o):
    write.o                   write.s:60
    fwrite.o                  common/fwrite.s:11
    _printf.o                 common/_printf.s:11
    hb128.o                   hb128.s:9
    printf.o                  common/printf.s:8
    hello.o                   hello.s:190
pushaysp (pusha.o):
pusheax (lpush.o):
    _printf.o                 common/_printf.s:11
pushl0 (lpush.o):
pushw0sp (pushwsp.o):
pushwysp (pushwsp.o):
    write.o                   write.s:60
    fwrite.o                  common/fwrite.s:11
    vfprintf.o                common/vfprintf.s:9
    hello.o                   hello.s:190
regbank (zeropage.o):
    _printf.o                 /home/runner/work/cc65/cc65/asminc/zeropage.inc:14
regsave (zeropage.o):
sreg (zeropage.o):
    lneg.o                    runtime/lneg.s:11
    udiv.o                    runtime/udiv.s:10
    ltoa.o                    common/ltoa.s:11
    lpush.o                   runtime/lpush.s:13
    axlong.o                  runtime/axlong.s:9
    _printf.o                 /home/runner/work/cc65/cc65/asminc/zeropage.inc:11
stax0sp (staxsp.o):
    hello.o                   hello.s:190
staxysp (staxsp.o):
    write.o                   write.s:60
tmp1 (zeropage.o):
    mul.o                     runtime/mul.s:10
    ltoa.o                    common/ltoa.s:11
    copydata.o                common/copydata.s:9
    _printf.o                 /home/runner/work/cc65/cc65/asminc/zeropage.inc:13
tmp2 (zeropage.o):
tmp3 (zeropage.o):
tmp4 (zeropage.o):
tosmula0 (mul8.o):
tosmulax (mul.o):
tosudiva0 (udiv.o):
tosudivax (udiv.o):
    fwrite.o                  common/fwrite.s:12
tosumula0 (mul8.o):
tosumulax (mul.o):
    fwrite.o                  common/fwrite.s:12
udiv16 (udiv.o):
zerobss (zerobss.o):
    crt0.o                    crt0.s:14

